// Jest Snapshot v1, https://goo.gl/fbAQLP

exports[`<Modal /> should return the modal component 1`] = `
<div>
  <div
    class="sc-bdfBwQ cCeiBc"
  >
    <div
      class="sc-gsTCUz lceZVE"
    >
      Lado esquerdo do Modal
      Lado direito do Modal
      <svg
        aria-label="Fechar modal"
        class="sc-dlfnbm biQaJe"
        fill="none"
        height="24"
        stroke="currentColor"
        stroke-linecap="round"
        stroke-linejoin="round"
        stroke-width="2"
        viewBox="0 0 24 24"
        width="24"
        xmlns="http://www.w3.org/2000/svg"
      >
        <line
          x1="18"
          x2="6"
          y1="6"
          y2="18"
        />
        <line
          x1="6"
          x2="18"
          y1="6"
          y2="18"
        />
      </svg>
    </div>
  </div>
</div>
`;
