// Jest Snapshot v1, https://goo.gl/fbAQLP

exports[`<Button /> should match the button snapshot 1`] = `
<div>
  <button
    class="sc-bdfBwQ ifSYyB"
    type="button"
  >
    Clique aqui
  </button>
</div>
`;
