// Jest Snapshot v1, https://goo.gl/fbAQLP

exports[`<FloatingButton /> should match the floating button snapshot 1`] = `
<div>
  <button
    class="sc-bdfBwQ dsDVol"
    type="button"
  >
    <svg
      fill="none"
      height="24"
      stroke="currentColor"
      stroke-linecap="round"
      stroke-linejoin="round"
      stroke-width="2"
      viewBox="0 0 24 24"
      width="24"
      xmlns="http://www.w3.org/2000/svg"
    >
      <line
        x1="12"
        x2="12"
        y1="5"
        y2="19"
      />
      <line
        x1="5"
        x2="19"
        y1="12"
        y2="12"
      />
    </svg>
  </button>
</div>
`;

exports[`it should match the floating button snapshot 1`] = `
<div>
  <button
    class="sc-bdfBwQ dsDVol"
    type="button"
  >
    <svg
      fill="none"
      height="24"
      stroke="currentColor"
      stroke-linecap="round"
      stroke-linejoin="round"
      stroke-width="2"
      viewBox="0 0 24 24"
      width="24"
      xmlns="http://www.w3.org/2000/svg"
    >
      <line
        x1="12"
        x2="12"
        y1="5"
        y2="19"
      />
      <line
        x1="5"
        x2="19"
        y1="12"
        y2="12"
      />
    </svg>
  </button>
</div>
`;
